// Jest Snapshot v1, https://goo.gl/fbAQLP

exports[`RubricBuilder should render correctly 1`] = `
<div>
  <p>
    Comming soon...
  </p>
</div>
`;
